Анализируемый файл "info/kgeorgiy/ja/chulkov/stat/tests/resources/arabic.in"
Сводная статистика
	Число предложений: 5.
	Число слов: 176.
	Число чисел: 2.
	Число сумм: 0.
	Число дат: 1.
Статистика по предложениям
	Число предложений: 5 (5 различных).
	Минимальное предложение: "(CNN)-- تبدو مياه بحر قزوين هادئة بشكل مخادع، لكن هذا الطريق البحري - الذي يوفر مسارًا مباشرًا بين إيران وروسيا - مشغول بشكل متزايد بحركة الشحن، بما في ذلك عمليات نقل ما يشتبه أنها أسلحة من طهران إلى موسكو.".
	Максимальное предложение: "ويقول محللون إن حلفاء أوكرانيا الغربيين لن يكون لديهم سوى القليل لوقف عمليات تسليم الأسلحة هذه، حيث قال مارتن كيلي، كبير محللي الشؤون الاستخباراتية في شركة EOS Risk Group الأمنية: "لا يوجد خطر على الصادرات الإيرانية في بحر قزوين بسبب الدول المجاورة - ليس لديهم القدرة أو الدافع لاعتراض مثل هذه الأنواع من التبادلات"، حيث أن أذربيجان وتركمانستان وكازاخستان وجميع الجمهوريات السوفيتية السابقة هي الدول التي لها موانئ على بحر قزوين.".
	Минимальная длина предложения: 24 ("نشر الجمعة، ٢٦ مايو ٢٠٢٣").
	Максимальная длина предложения: 429 ("ويقول محللون إن حلفاء أوكرانيا الغربيين لن يكون لديهم سوى القليل لوقف عمليات تسليم الأسلحة هذه، حيث قال مارتن كيلي، كبير محللي الشؤون الاستخباراتية في شركة EOS Risk Group الأمنية: "لا يوجد خطر على الصادرات الإيرانية في بحر قزوين بسبب الدول المجاورة - ليس لديهم القدرة أو الدافع لاعتراض مثل هذه الأنواع من التبادلات"، حيث أن أذربيجان وتركمانستان وكازاخستان وجميع الجمهوريات السوفيتية السابقة هي الدول التي لها موانئ على بحر قزوين.").
	Средняя длина предложения: 211,4.
Статистика по словам
	Число слов: 176 (144 различных).
	Минимальное слово: "CNN".
	Максимальное слово: "يوفر".
	Минимальная длина слова: 2 ("في").
	Максимальная длина слова: 13 ("الاستخباراتية").
	Средняя длина слова: 4,818.
Статистика по числам
	Число чисел: 2 (2 различных).
	Минимальное число: 26.
	Максимальное число: 2 023.
	Среднее число: 1 024,5.
Статистика по суммам денег
	Число сумм: 0 (0 различных).
	Минимальная сумма: Не найдено.
	Максимальная сумма: Не найдено.
	Средняя сумма: Не найдено.
Статистика по датам
	Число дат: 1 (1 различный).
	Минимальная дата: 26 мая 2023 г..
	Максимальная дата: 26 мая 2023 г..
	Средняя дата: 26 мая 2023 г..
