Анализируемый файл "info/kgeorgiy/ja/chulkov/i18n/tests/resources/empty.in"
Сводная статистика
	Число предложений: 0.
	Число слов: 0.
	Число чисел: 0.
	Число сумм: 0.
	Число дат: 0.
Статистика по предложениям
	Число предложений: 0 (0 различных).
	Минимальное предложение: "Не найдено".
	Максимальное предложение: "Не найдено".
	Минимальная длина предложения: Не найдено ("").
	Максимальная длина предложения: Не найдено ("").
	Средняя длина предложения: Не найдено.
Статистика по словам
	Число слов: 0 (0 различных).
	Минимальное слово: "Не найдено".
	Максимальное слово: "Не найдено".
	Минимальная длина слова: Не найдено ("").
	Максимальная длина слова: Не найдено ("").
	Средняя длина слова: Не найдено.
Статистика по числам
	Число чисел: 0 (0 различных).
	Минимальное число: Не найдено.
	Максимальное число: Не найдено.
	Среднее число: Не найдено.
Статистика по суммам денег
	Число сумм: 0 (0 различных).
	Минимальная сумма: Не найдено.
	Максимальная сумма: Не найдено.
	Средняя сумма: Не найдено.
Статистика по датам
	Число дат: 0 (0 различных).
	Минимальная дата: Не найдено.
	Максимальная дата: Не найдено.
	Средняя дата: Не найдено.
