Analyzing file "info/kgeorgiy/ja/chulkov/i18n/tests/resources/empty.in"
Summary
	Count sentences: 0.
	Count words: 0.
	Count numbers: 0.
	Count currencies: 0.
	Count dates: 0.
Statistic on sentences
	Count sentences: 0 (0 distinct).
	Minimum sentence: "not found".
	Maximum sentence: "not found".
	Minimum length of sentence: not found ("").
	Maximum length of sentence: not found ("").
	Average length of sentence: not found.
Statistic on words
	Count words: 0 (0 distinct).
	Minimum word: "not found".
	Maximum word: "not found".
	Minimum length of word: not found ("").
	Maximum length of word: not found ("").
	Average length of word: not found.
Statistic on numbers
	Count numbers: 0 (0 distinct).
	Minimum number: not found.
	Maximum number: not found.
	Average number: not found.
Statistic on money currencies
	Count currencies: 0 (0 distinct).
	Minimum currency: not found.
	Maximum currency: not found.
	Average currency: not found.
Statistic on dates
	Count dates: 0 (0 distinct).
	Minimum date: not found.
	Maximum date: not found.
	Average date: not found.
