Анализируемый файл "info/kgeorgiy/ja/chulkov/i18n/tests/resources/example.in"
Сводная статистика
	Число предложений: 44.
	Число слов: 270.
	Число чисел: 36.
	Число сумм: 3.
	Число дат: 3.
Статистика по предложениям
	Число предложений: 44 (44 различных).
	Минимальное предложение: "Аргументы командной строки: локаль текста, локаль вывода, файл с текстом, файл отчета.".
	Максимальное предложение: "Число чисел: 40.".
	Минимальная длина предложения: 13 ("Число дат: 3.").
	Максимальная длина предложения: 211 ("Для каждой категории должна собираться следующая статистика: число вхождений, число различных значений, минимальное значение, максимальное значение, минимальная длина, максимальная длина, среднее значение/длина.").
	Средняя длина предложения: 53,909.
Статистика по словам
	Число слов: 270 (152 различных).
	Минимальное слово: "GK".
	Максимальное слово: "языках".
	Минимальная длина слова: 1 ("с").
	Максимальная длина слова: 14 ("TextStatistics").
	Средняя длина слова: 6,696.
Статистика по числам
	Число чисел: 36 (23 различных).
	Минимальное число: -12 345.
	Максимальное число: 12 345,67.
	Среднее число: 230,181.
Статистика по суммам денег
	Число сумм: 3 (3 различных).
	Минимальная сумма: 100,00 ₽.
	Максимальная сумма: 345,67 ₽.
	Средняя сумма: 222,67 ₽.
Статистика по датам
	Число дат: 3 (3 различных).
	Минимальная дата: 19 мая 2023 г..
	Максимальная дата: 2 июн. 2023 г..
	Средняя дата: 26 мая 2023 г..
