Analyzing file "info/kgeorgiy/ja/chulkov/i18n/tests/resources/humour.in"
Summary
	Count sentences: 8.
	Count words: 202.
	Count numbers: 27.
	Count currencies: 0.
	Count dates: 0.
Statistic on sentences
	Count sentences: 8 (8 distinct).
	Minimum sentence: ";DROP TABLE USERS"
13) –í –ø–æ–ª–µ "–∞–¥—Ä–µ—Å –¥–ª—è –¥–æ—Å—Ç–∞–≤–∫–∏ –∫–æ—Ä—Ä–µ—Å–ø–æ–Ω–¥–µ–Ω—Ü–∏–∏" —É–∫–∞–∑–∞–ª kgeorgiy.info
14) –í –ø–æ–ª–µ "–û—Ç–æ–±—Ä–∞–∂–∞–µ–º–æ–µ –∏–º—è" —É–∫–∞–∑–∞–ª "() -> {console.log("Georgiy Korneev");}"
15) –í –∫–∞—á–µ—Å—Ç–≤–µ —Å—É–º–º—ã –∞–≤—Ç–æ–ø–ª–∞—Ç–µ–∂–∞ —É–∫–∞–∑–∞–ª SLEEPING_COMPARATOR.for(10000000000000LL, "ms")
$R$12) –ü—Ä–∏ –ø–æ–º–æ—â–∏ reflections –∏ API Excel –≤—ã–∑–≤–∞–ª —Ä–µ–¥–∞–∫—Ç–æ—Ä –≤—Å—Ç—Ä–æ–µ–Ω—ã—Ö —Ñ—É–Ω–∫—Ü–∏–π –∏ –ø–æ–¥–º–µ–Ω–∏–ª –†–ê–í–ù–û–ö–ß–ï–ö —Ç–∞–∫, —á—Ç–æ–±—ã –æ–Ω–∞ —Å—á–∏—Ç–∞–ª–∞ –Ω–µ —ç–∫–≤–∏–≤–∞–ª–µ–Ω—Ç–Ω—ã–π –æ–±–ª–∏–≥–∞—Ü–∏–∏ –¥–æ—Ö–æ–¥ –ø–æ –∫–∞–∑–Ω–∞—á–µ–π—Å–∫–æ–º—É –≤–µ–∫—Å–µ–ª—é, –∞ –Ω–∞–∫–æ–ø–ª–µ–Ω–Ω—ã–π –ø—Ä–æ—Ü–µ–Ω—Ç –ø–æ —Ü–µ–Ω–Ω—ã–º –±—É–º–∞–≥–∞–º, –ø—Ä–æ—Ü–µ–Ω—Ç –ø–æ –∫–æ—Ç–æ—Ä—ã–º –≤—ã–ø–ª–∞—á–∏–≤–∞–µ—Ç—Å—è –≤ —Å—Ä–æ–∫ –ø–æ–≥–∞—à–µ–Ω–∏—è, —Ç–æ –µ—Å—Ç—å –ù–ê–ö–û–ü–î–û–•–û–î–ü–û–ì–ê–®.".
	Maximum sentence: "–°—Ç–∞–ª–æ 100 —Ä—É–±–ª–µ–π.".
	Minimum length of sentence: 6 ("Ltd.".").
	Maximum length of sentence: 568 ("–ó–∞—Ç–µ–º –æ–Ω:
1) –ü–µ—Ä–µ–≤—ë–ª —Å–æ —Å–≤–æ–µ–≥–æ —Å—á—ë—Ç–∞ 100 —Ä—É–±–ª–µ–π —Å–∞–º–æ–º—É —Å–µ–±–µ
2) –ü–µ—Ä–µ–≤—ë–ª —Å–æ —Å–≤–æ–µ–≥–æ —Å—á—ë—Ç–∞ 999223372036854775807 —Ä—É–±–ª–µ–π —Å–∞–º–æ–º—É —Å–µ–±–µ
3) –ü–µ—Ä–µ–≤—ë–ª 0 —Ä—É–±–ª–µ–π —Å–∞–º–æ–º—É —Å–µ–±–µ
4) –° 1000 –∫–æ–º–ø—å—é—Ç–µ—Ä–æ–≤ –ø–µ—Ä–µ–≤–æ–¥–∏–ª 0 —Ä—É–±–ª–µ–π —Å–∞–º–æ–º—É —Å–µ–±–µ
5) –ü–µ—Ä–µ–≤—ë–ª NaN —Ä—É–±–ª–µ–π ÿ£ŸÜÿØÿ±ŸäŸá ÿ≥ÿ™ÿßŸÜŸÉŸäŸÅŸäÿ™ÿ¥
6) –ü–µ—Ä–µ–≤—ë–ª 100 —Ä—É–±–ª–µ–π —á–µ—Ä–µ–∑ –¥–æ—Ä–æ–≥—É –Ω–∞ —Ñ–∏–Ω—Å–∫–∏–π —è–∑—ã–∫
null) –û–±–º–µ–Ω—è–ª undefined —Ä—É–±–ª–µ–π –Ω–∞ –¥–µ—Å—è—Ç—å ClassCastException
-1) –û—Ç–ø—Ä–∞–≤–∏–ª –Ω–∞ —Å–µ—Ä–≤–µ—Ä —ë–∂–∏–∫–∞ —Å —Å—Ç–∞–∫–∞–Ω–µ
-2) null null null
10) –ö–∏–Ω—É–ª Number("100") —Ä—É–±–ª–µ–π —Å–µ–±–µ –Ω–∞ —Ç–µ–ª–µ—Ñ–æ–Ω
11) –ü–æ–ø—Ä–æ–±–æ–≤–∞–ª –∑–∞–ø–ª–∞—Ç–∏—Ç—å "1000" —Ä—É–±–ª–µ–π –∑–∞ –ñ–ö–•
12) –ü—Ä–∏–≤—è–∑–∞–ª –∫ —Å–≤–æ–µ–º—É –∞–∫–∫–∞—É–Ω—Ç—É –Ω–æ–º–µ—Ä —Ç–µ–ª–µ—Ñ–æ–Ω–∞ ""'`;,.").
	Average length of sentence: 212.875.
Statistic on words
	Count words: 202 (150 distinct).
	Minimum word: "Aks—ënov".
	Maximum word: "üÖπ".
	Minimum length of word: 1 ("–≤").
	Maximum length of word: 18 ("ClassCastException").
	Average length of word: 5.639.
Statistic on numbers
	Count numbers: 27 (19 distinct).
	Minimum number: -2.
	Maximum number: 999,223,372,036,854,800,000.
	Average number: 37,008,273,408,772,400,000.
Statistic on money currencies
	Count currencies: 0 (0 distinct).
	Minimum currency: not found.
	Maximum currency: not found.
	Average currency: not found.
Statistic on dates
	Count dates: 0 (0 distinct).
	Minimum date: not found.
	Maximum date: not found.
	Average date: not found.
