Анализируемый файл "info/kgeorgiy/ja/chulkov/i18n/tests/resources/lorem.in"
Сводная статистика
	Число предложений: 53.
	Число слов: 385.
	Число чисел: 0.
	Число сумм: 0.
	Число дат: 0.
Статистика по предложениям
	Число предложений: 53 (51 различный).
	Минимальное предложение: "Aenean a felis blandit, congue libero vitae, interdum leo.".
	Максимальное предложение: "Vivamus suscipit neque vel lacus posuere molestie.".
	Минимальная длина предложения: 15 ("Nulla facilisi.").
	Максимальная длина предложения: 98 ("Nullam mollis, lacus non tristique suscipit, mi augue euismod erat, et maximus sem arcu quis eros.").
	Средняя длина предложения: 48,283.
Статистика по словам
	Число слов: 385 (154 различных).
	Минимальное слово: "a".
	Максимальное слово: "vulputate".
	Минимальная длина слова: 1 ("a").
	Максимальная длина слова: 12 ("pellentesque").
	Средняя длина слова: 5,553.
Статистика по числам
	Число чисел: 0 (0 различных).
	Минимальное число: Не найдено.
	Максимальное число: Не найдено.
	Среднее число: Не найдено.
Статистика по суммам денег
	Число сумм: 0 (0 различных).
	Минимальная сумма: Не найдено.
	Максимальная сумма: Не найдено.
	Средняя сумма: Не найдено.
Статистика по датам
	Число дат: 0 (0 различных).
	Минимальная дата: Не найдено.
	Максимальная дата: Не найдено.
	Средняя дата: Не найдено.
